// Jest Snapshot v1, https://goo.gl/fbAQLP

exports[`<Basic /> spec renders component 1`] = `
Object {
  "asFragment": [Function],
  "baseElement": <body>
    <div>
      <g>
        <g
          transform="translate(0 10)"
        >
          <circle
            cx="0"
            cy="0"
            data-testid="circle"
            fill="#cab2d6"
            r="6"
          />
          <text
            x="11"
            y="3"
          >
             
            Riots/Protests
             
          </text>
        </g>
        <g
          transform="translate(0 29)"
        >
          <circle
            cx="0"
            cy="0"
            data-testid="circle"
            fill="#8dd3c7"
            r="6"
          />
          <text
            x="11"
            y="3"
          >
             
            Violence against civilians
             
          </text>
        </g>
        <g
          transform="translate(0 48)"
        >
          <circle
            cx="0"
            cy="0"
            data-testid="circle"
            fill="#b15928"
            r="6"
          />
          <text
            x="11"
            y="3"
          >
             
            Battle-No change of territory
             
          </text>
        </g>
        <g
          transform="translate(0 67)"
        >
          <circle
            cx="0"
            cy="0"
            data-testid="circle"
            fill="#e31a1c"
            r="6"
          />
          <text
            x="11"
            y="3"
          >
             
            Remote violence
             
          </text>
        </g>
        <g
          transform="translate(0 86)"
        >
          <circle
            cx="0"
            cy="0"
            data-testid="circle"
            fill="#fb9a99"
            r="6"
          />
          <text
            x="11"
            y="3"
          >
             
            Strategic development
             
          </text>
        </g>
        <g
          transform="translate(0 105)"
        >
          <circle
            cx="0"
            cy="0"
            data-testid="circle"
            fill="#33a02c"
            r="6"
          />
          <text
            x="11"
            y="3"
          >
             
            Battle-Government regains territory
             
          </text>
        </g>
        <g
          transform="translate(0 124)"
        >
          <circle
            cx="0"
            cy="0"
            data-testid="circle"
            fill="#b2df8a"
            r="6"
          />
          <text
            x="11"
            y="3"
          >
             
            Battle-Non-state actor overtakes territory
             
          </text>
        </g>
        <g
          transform="translate(0 143)"
        >
          <circle
            cx="0"
            cy="0"
            data-testid="circle"
            fill="#1f78b4"
            r="6"
          />
          <text
            x="11"
            y="3"
          >
             
            Non-violent transfer of territory
             
          </text>
        </g>
        <g
          transform="translate(0 162)"
        >
          <circle
            cx="0"
            cy="0"
            data-testid="circle"
            fill="#a6cee3"
            r="6"
          />
          <text
            x="11"
            y="3"
          >
             
            Headquarters or base established
             
          </text>
        </g>
      </g>
    </div>
  </body>,
  "container": <div>
    <g>
      <g
        transform="translate(0 10)"
      >
        <circle
          cx="0"
          cy="0"
          data-testid="circle"
          fill="#cab2d6"
          r="6"
        />
        <text
          x="11"
          y="3"
        >
           
          Riots/Protests
           
        </text>
      </g>
      <g
        transform="translate(0 29)"
      >
        <circle
          cx="0"
          cy="0"
          data-testid="circle"
          fill="#8dd3c7"
          r="6"
        />
        <text
          x="11"
          y="3"
        >
           
          Violence against civilians
           
        </text>
      </g>
      <g
        transform="translate(0 48)"
      >
        <circle
          cx="0"
          cy="0"
          data-testid="circle"
          fill="#b15928"
          r="6"
        />
        <text
          x="11"
          y="3"
        >
           
          Battle-No change of territory
           
        </text>
      </g>
      <g
        transform="translate(0 67)"
      >
        <circle
          cx="0"
          cy="0"
          data-testid="circle"
          fill="#e31a1c"
          r="6"
        />
        <text
          x="11"
          y="3"
        >
           
          Remote violence
           
        </text>
      </g>
      <g
        transform="translate(0 86)"
      >
        <circle
          cx="0"
          cy="0"
          data-testid="circle"
          fill="#fb9a99"
          r="6"
        />
        <text
          x="11"
          y="3"
        >
           
          Strategic development
           
        </text>
      </g>
      <g
        transform="translate(0 105)"
      >
        <circle
          cx="0"
          cy="0"
          data-testid="circle"
          fill="#33a02c"
          r="6"
        />
        <text
          x="11"
          y="3"
        >
           
          Battle-Government regains territory
           
        </text>
      </g>
      <g
        transform="translate(0 124)"
      >
        <circle
          cx="0"
          cy="0"
          data-testid="circle"
          fill="#b2df8a"
          r="6"
        />
        <text
          x="11"
          y="3"
        >
           
          Battle-Non-state actor overtakes territory
           
        </text>
      </g>
      <g
        transform="translate(0 143)"
      >
        <circle
          cx="0"
          cy="0"
          data-testid="circle"
          fill="#1f78b4"
          r="6"
        />
        <text
          x="11"
          y="3"
        >
           
          Non-violent transfer of territory
           
        </text>
      </g>
      <g
        transform="translate(0 162)"
      >
        <circle
          cx="0"
          cy="0"
          data-testid="circle"
          fill="#a6cee3"
          r="6"
        />
        <text
          x="11"
          y="3"
        >
           
          Headquarters or base established
           
        </text>
      </g>
    </g>
  </div>,
  "debug": [Function],
  "findAllByAltText": [Function],
  "findAllByDisplayValue": [Function],
  "findAllByLabelText": [Function],
  "findAllByPlaceholderText": [Function],
  "findAllByRole": [Function],
  "findAllByTestId": [Function],
  "findAllByText": [Function],
  "findAllByTitle": [Function],
  "findByAltText": [Function],
  "findByDisplayValue": [Function],
  "findByLabelText": [Function],
  "findByPlaceholderText": [Function],
  "findByRole": [Function],
  "findByTestId": [Function],
  "findByText": [Function],
  "findByTitle": [Function],
  "getAllByAltText": [Function],
  "getAllByDisplayValue": [Function],
  "getAllByLabelText": [Function],
  "getAllByPlaceholderText": [Function],
  "getAllByRole": [Function],
  "getAllByTestId": [Function],
  "getAllByText": [Function],
  "getAllByTitle": [Function],
  "getByAltText": [Function],
  "getByDisplayValue": [Function],
  "getByLabelText": [Function],
  "getByPlaceholderText": [Function],
  "getByRole": [Function],
  "getByTestId": [Function],
  "getByText": [Function],
  "getByTitle": [Function],
  "queryAllByAltText": [Function],
  "queryAllByDisplayValue": [Function],
  "queryAllByLabelText": [Function],
  "queryAllByPlaceholderText": [Function],
  "queryAllByRole": [Function],
  "queryAllByTestId": [Function],
  "queryAllByText": [Function],
  "queryAllByTitle": [Function],
  "queryByAltText": [Function],
  "queryByDisplayValue": [Function],
  "queryByLabelText": [Function],
  "queryByPlaceholderText": [Function],
  "queryByRole": [Function],
  "queryByTestId": [Function],
  "queryByText": [Function],
  "queryByTitle": [Function],
  "rerender": [Function],
  "unmount": [Function],
}
`;
